
/home/runner/work/exp-ultrasonic-waves-velocity-in-liquid-iitb/exp-ultrasonic-waves-velocity-in-liquid-iitb/experiment/simulation/common_libraries/js/ts_components/collapse_step.js
   1:10  warning  'show_step' is defined but never used                 no-unused-vars
   2:5   warning  '$' is not defined                                    no-undef
   3:9   warning  '$' is not defined                                    no-undef
   6:10  warning  'hide_step' is defined but never used                 no-unused-vars
   7:5   warning  '$' is not defined                                    no-undef
   8:9   warning  '$' is not defined                                    no-undef
  11:10  warning  'get_collapse_btn_text' is defined but never used     no-unused-vars
  20:10  warning  'get_collapse_btn_element' is defined but never used  no-unused-vars
  29:10  warning  'hide_all_steps' is defined but never used            no-unused-vars
  31:9   warning  '$' is not defined                                    no-undef

/home/runner/work/exp-ultrasonic-waves-velocity-in-liquid-iitb/exp-ultrasonic-waves-velocity-in-liquid-iitb/experiment/simulation/common_libraries/js/ts_components/matrix.js
   27:26  warning  'MathJax' is not defined                                no-undef
   32:7   warning  'Matrix_Without_String' is defined but never used       no-unused-vars
   52:26  warning  'MathJax' is not defined                                no-undef
   56:10  warning  'get_matrix_html' is defined but never used             no-unused-vars
   87:13  warning  'row_html' is assigned a value but never used           no-unused-vars
   99:10  warning  'get_matrix_html_with_title' is defined but never used  no-unused-vars
  131:13  warning  'row_html' is assigned a value but never used           no-unused-vars
  143:10  warning  'convert_2d_to_1d_vector' is defined but never used     no-unused-vars
  156:10  warning  'convert_1d_to_2d_matrix' is defined but never used     no-unused-vars

/home/runner/work/exp-ultrasonic-waves-velocity-in-liquid-iitb/exp-ultrasonic-waves-velocity-in-liquid-iitb/experiment/simulation/common_libraries/js/ts_components/pannel.js
  8:7  warning  'Pannel' is defined but never used  no-unused-vars

/home/runner/work/exp-ultrasonic-waves-velocity-in-liquid-iitb/exp-ultrasonic-waves-velocity-in-liquid-iitb/experiment/simulation/common_libraries/js/ts_components/questions.js
   6:17  warning  'op1' is assigned a value but never used      no-unused-vars
   7:17  warning  'op2' is assigned a value but never used      no-unused-vars
   8:17  warning  'op3' is assigned a value but never used      no-unused-vars
   9:17  warning  'op4' is assigned a value but never used      no-unused-vars
  94:7   warning  'Question_Options' is defined but never used  no-unused-vars

/home/runner/work/exp-ultrasonic-waves-velocity-in-liquid-iitb/exp-ultrasonic-waves-velocity-in-liquid-iitb/experiment/simulation/common_libraries/js/ts_components/tables.js
   19:22  warning  'verify_values' is not defined                                     no-undef
  137:22  warning  'verify_values' is not defined                                     no-undef
  260:7   warning  'Verify_Rows_Cols_6_decimal_places' is defined but never used      no-unused-vars
  311:22  warning  'verify_values' is not defined                                     no-undef
  416:7   warning  'Verify_Rows_Cols_Custom_Fixed_Update1' is defined but never used  no-unused-vars
  468:7   warning  'Show_Table_Custom_Fixed' is defined but never used                no-unused-vars
  506:7   warning  'Verify_Rows_Cols_Strings' is defined but never used               no-unused-vars
  527:22  warning  'verify_values' is not defined                                     no-undef
  663:7   warning  'Display_Table' is defined but never used                          no-unused-vars

/home/runner/work/exp-ultrasonic-waves-velocity-in-liquid-iitb/exp-ultrasonic-waves-velocity-in-liquid-iitb/experiment/simulation/common_libraries/js/ts_math_library/general_math_functions.js
    1:10  warning  'verify_values' is defined but never used                   no-unused-vars
   17:10  warning  'random1' is defined but never used                         no-unused-vars
   21:10  warning  'std_deviation' is defined but never used                   no-unused-vars
   26:10  warning  'gauss' is defined but never used                           no-unused-vars
   56:10  warning  'hide_panel' is defined but never used                      no-unused-vars
   63:10  warning  'inverse_matrix' is defined but never used                  no-unused-vars
   96:10  warning  'matrix_multiplication' is defined but never used           no-unused-vars
  113:10  warning  'transpose_matrix' is defined but never used                no-unused-vars
  123:10  warning  'matrix_multiplication_8decimal' is defined but never used  no-unused-vars
  140:10  warning  'adjoint_2x2_matrix' is defined but never used              no-unused-vars
  145:10  warning  'find_deteminant' is defined but never used                 no-unused-vars
  174:10  warning  'get_Submatrix' is defined but never used                   no-unused-vars

/home/runner/work/exp-ultrasonic-waves-velocity-in-liquid-iitb/exp-ultrasonic-waves-velocity-in-liquid-iitb/experiment/simulation/common_libraries/js/ts_math_library/regression.js
   1:10  warning  'regression_linear' is defined but never used            no-unused-vars
  18:10  warning  'regression_linear_1variable' is defined but never used  no-unused-vars
  27:10  warning  'regression_linear_2variable' is defined but never used  no-unused-vars
  52:11  warning  'gauss' is not defined                                   no-undef

/home/runner/work/exp-ultrasonic-waves-velocity-in-liquid-iitb/exp-ultrasonic-waves-velocity-in-liquid-iitb/experiment/simulation/common_libraries/math.ob.js
  1:745  warning  'b' is already defined  no-redeclare

/home/runner/work/exp-ultrasonic-waves-velocity-in-liquid-iitb/exp-ultrasonic-waves-velocity-in-liquid-iitb/experiment/simulation/js/activity1.js
    8:14   warning  'Pannel' is not defined                                no-undef
   14:10   warning  'start_act1' is defined but never used                 no-unused-vars
   21:10   warning  'move_to_activity3' is defined but never used          no-unused-vars
   24:5    warning  'activity3' is not defined                             no-undef
   33:5    warning  'global_score' is assigned a value but never used      no-unused-vars
   34:5    warning  'a1_panel' is defined but never used                   no-unused-vars
   35:5    warning  'all_text_content' is assigned a value but never used  no-unused-vars
   36:5    warning  'canvas_box_scale' is already defined                  no-redeclare
   36:5    warning  'canvas_box_scale' is assigned a value but never used  no-unused-vars
   39:5    warning  'a1_scene' is defined but never used                   no-unused-vars
   46:5    warning  'display_score' is defined but never used              no-unused-vars
   47:5    warning  'timer1' is assigned a value but never used            no-unused-vars
   63:17   warning  'Scene' is not defined                                 no-undef
   68:5    warning  'show_panel' is not defined                            no-undef
  106:18   warning  'Chemistry' is not defined                             no-undef
  106:42   warning  'radio_frequency_generator' is not defined             no-undef
  106:73   warning  'Chemistry' is not defined                             no-undef
  109:9    warning  'sq' is already defined                                no-redeclare
  109:18   warning  'Chemistry' is not defined                             no-undef
  109:42   warning  'micrometer' is not defined                            no-undef
  109:58   warning  'Chemistry' is not defined                             no-undef
  112:9    warning  'sq' is already defined                                no-redeclare
  112:18   warning  'Chemistry' is not defined                             no-undef
  112:42   warning  'ammeter' is not defined                               no-undef
  112:55   warning  'Chemistry' is not defined                             no-undef
  153:25   warning  'Chemistry' is not defined                             no-undef
  153:50   warning  'Chemistry' is not defined                             no-undef
  164:10   warning  'radio_frequency_generator' is not defined             no-undef
  164:37   warning  'radio_frequency_generator' is not defined             no-undef
  165:10   warning  'micrometer' is not defined                            no-undef
  165:22   warning  'micrometer' is not defined                            no-undef
  166:10   warning  'ammeter' is not defined                               no-undef
  166:19   warning  'ammeter' is not defined                               no-undef
  169:13   warning  'Chemistry' is not defined                             no-undef
  169:61   warning  'Chemistry' is not defined                             no-undef
  170:13   warning  'Chemistry' is not defined                             no-undef
  170:46   warning  'Chemistry' is not defined                             no-undef
  171:13   warning  'Chemistry' is not defined                             no-undef
  171:50   warning  'Chemistry' is not defined                             no-undef
  179:12   warning  Unexpected constant condition                          no-constant-condition
  201:49   warning  'Chemistry' is not defined                             no-undef
  204:39   warning  'bootstrap' is not defined                             no-undef
  236:30   warning  'Chemistry' is not defined                             no-undef
  236:73   warning  'Chemistry' is not defined                             no-undef
  264:13   warning  'bsOffcanvas' is already defined                       no-redeclare
  264:31   warning  'bootstrap' is not defined                             no-undef
  266:30   warning  'Chemistry' is not defined                             no-undef
  266:118  warning  'Chemistry' is not defined                             no-undef
  309:24   warning  'activity3' is not defined                             no-undef

/home/runner/work/exp-ultrasonic-waves-velocity-in-liquid-iitb/exp-ultrasonic-waves-velocity-in-liquid-iitb/experiment/simulation/js/activity3.js
   13:5   warning  'range' is assigned a value but never used  no-unused-vars
   77:10  warning  'activity3' is defined but never used       no-unused-vars
   78:5   warning  'pp' is not defined                         no-undef
   79:5   warning  'pp' is not defined                         no-undef
   80:5   warning  'pp' is not defined                         no-undef
   81:5   warning  'pp' is not defined                         no-undef
   82:5   warning  'pp' is not defined                         no-undef
   83:5   warning  'show_panel' is not defined                 no-undef
   84:5   warning  'pp' is not defined                         no-undef
   85:5   warning  'pp' is not defined                         no-undef
   98:5   warning  'rect' is not defined                       no-undef
   99:18  warning  'Scene_Canvas' is not defined               no-undef
  100:21  warning  'Chemistry' is not defined                  no-undef
  100:43  warning  'Chemistry' is not defined                  no-undef
  102:20  warning  'Chemistry' is not defined                  no-undef
  102:42  warning  'Chemistry' is not defined                  no-undef
  105:20  warning  'Chemistry' is not defined                  no-undef
  105:49  warning  'Chemistry' is not defined                  no-undef
  107:21  warning  'Chemistry' is not defined                  no-undef
  107:50  warning  'Chemistry' is not defined                  no-undef
  133:5   warning  'lscale' is not defined                     no-undef
  157:18  warning  'Chemistry' is not defined                  no-undef
  157:42  warning  'ammeter' is not defined                    no-undef
  157:55  warning  'Chemistry' is not defined                  no-undef
  159:15  warning  'Chemistry' is not defined                  no-undef
  159:39  warning  'arrow' is not defined                      no-undef
  159:50  warning  'Chemistry' is not defined                  no-undef
  162:9   warning  'sq' is already defined                     no-redeclare
  162:18  warning  'Chemistry' is not defined                  no-undef
  162:42  warning  'generator' is not defined                  no-undef
  162:57  warning  'Chemistry' is not defined                  no-undef
  164:31  warning  'Chemistry' is not defined                  no-undef
  164:55  warning  'screw' is not defined                      no-undef
  164:66  warning  'Chemistry' is not defined                  no-undef
  166:25  warning  'Chemistry' is not defined                  no-undef
  166:49  warning  'scale_hd' is not defined                   no-undef
  166:63  warning  'Chemistry' is not defined                  no-undef
  168:25  warning  'Chemistry' is not defined                  no-undef
  168:49  warning  'scale_hd' is not defined                   no-undef
  168:63  warning  'Chemistry' is not defined                  no-undef
  170:22  warning  'Chemistry' is not defined                  no-undef
  170:46  warning  'scale_main' is not defined                 no-undef
  170:62  warning  'Chemistry' is not defined                  no-undef
  172:25  warning  'Chemistry' is not defined                  no-undef
  172:49  warning  'scale_vernier' is not defined              no-undef
  172:68  warning  'Chemistry' is not defined                  no-undef
  174:19  warning  'Chemistry' is not defined                  no-undef
  174:43  warning  'scale_hd' is not defined                   no-undef
  174:57  warning  'Chemistry' is not defined                  no-undef
  176:19  warning  'Chemistry' is not defined                  no-undef
  176:43  warning  'scale_hd' is not defined                   no-undef
  176:57  warning  'Chemistry' is not defined                  no-undef
  178:20  warning  'Chemistry' is not defined                  no-undef
  178:51  warning  'Chemistry' is not defined                  no-undef
  180:21  warning  'Chemistry' is not defined                  no-undef
  180:42  warning  'Chemistry' is not defined                  no-undef
  183:19  warning  'Chemistry' is not defined                  no-undef
  183:55  warning  'Chemistry' is not defined                  no-undef
  190:25  warning  'data' is not defined                       no-undef
  191:50  warning  'data' is not defined                       no-undef
  191:68  warning  'data' is not defined                       no-undef
  194:10  warning  'set_fluid' is defined but never used       no-unused-vars
  200:9   warning  'selected_fluid' is not defined             no-undef
  205:9   warning  'pp' is not defined                         no-undef
  206:9   warning  'show_panel' is not defined                 no-undef
  210:9   warning  'pp' is not defined                         no-undef
  211:9   warning  'show_panel' is not defined                 no-undef
  213:5   warning  'set_table1' is not defined                 no-undef
  214:5   warning  'calculate_table1' is not defined           no-undef
  216:10  warning  'set_frequency' is defined but never used   no-unused-vars
  220:9   warning  'pp' is not defined                         no-undef
  221:9   warning  'show_panel' is not defined                 no-undef
  225:5   warning  'pp' is not defined                         no-undef
  229:5   warning  'show_panel' is not defined                 no-undef
  230:5   warning  'selected_frequency' is not defined         no-undef
  237:5   warning  'set_table1' is not defined                 no-undef
  238:5   warning  'calculate_table1' is not defined           no-undef
  240:17  warning  'table1' is not defined                     no-undef
  241:26  warning  'table1' is not defined                     no-undef
  245:37  warning  'rect' is not defined                       no-undef
  245:47  warning  'lscale' is not defined                     no-undef
  246:55  warning  'rect' is not defined                       no-undef
  246:66  warning  'lscale' is not defined                     no-undef
  249:31  warning  'Chemistry' is not defined                  no-undef
  250:34  warning  'selected_frequency' is not defined         no-undef
  320:42  warning  'Chemistry' is not defined                  no-undef
  321:42  warning  'Chemistry' is not defined                  no-undef
  322:48  warning  'Chemistry' is not defined                  no-undef
  323:36  warning  'Chemistry' is not defined                  no-undef
  324:36  warning  'Chemistry' is not defined                  no-undef
  325:42  warning  'Chemistry' is not defined                  no-undef
  339:48  warning  'rect' is not defined                       no-undef
  339:58  warning  'lscale' is not defined                     no-undef
  340:66  warning  'rect' is not defined                       no-undef
  340:77  warning  'lscale' is not defined                     no-undef
  343:31  warning  'Chemistry' is not defined                  no-undef
  344:34  warning  'selected_frequency' is not defined         no-undef
  406:42  warning  'Chemistry' is not defined                  no-undef
  407:42  warning  'Chemistry' is not defined                  no-undef
  408:48  warning  'Chemistry' is not defined                  no-undef
  409:36  warning  'Chemistry' is not defined                  no-undef
  410:36  warning  'Chemistry' is not defined                  no-undef
  411:42  warning  'Chemistry' is not defined                  no-undef
  431:37  warning  'rect' is not defined                       no-undef
  431:47  warning  'lscale' is not defined                     no-undef
  432:55  warning  'rect' is not defined                       no-undef
  432:66  warning  'lscale' is not defined                     no-undef
  434:32  warning  'Chemistry' is not defined                  no-undef
  435:34  warning  'selected_frequency' is not defined         no-undef
  502:42  warning  'Chemistry' is not defined                  no-undef
  503:42  warning  'Chemistry' is not defined                  no-undef
  504:48  warning  'Chemistry' is not defined                  no-undef
  505:36  warning  'Chemistry' is not defined                  no-undef
  506:36  warning  'Chemistry' is not defined                  no-undef
  507:42  warning  'Chemistry' is not defined                  no-undef
  521:48  warning  'rect' is not defined                       no-undef
  521:58  warning  'lscale' is not defined                     no-undef
  522:66  warning  'rect' is not defined                       no-undef
  522:77  warning  'lscale' is not defined                     no-undef
  524:32  warning  'Chemistry' is not defined                  no-undef
  525:34  warning  'selected_frequency' is not defined         no-undef
  584:42  warning  'Chemistry' is not defined                  no-undef
  585:42  warning  'Chemistry' is not defined                  no-undef
  586:48  warning  'Chemistry' is not defined                  no-undef
  587:36  warning  'Chemistry' is not defined                  no-undef
  588:36  warning  'Chemistry' is not defined                  no-undef
  589:42  warning  'Chemistry' is not defined                  no-undef
  609:5   warning  'pp' is not defined                         no-undef
  612:5   warning  'pp' is not defined                         no-undef

/home/runner/work/exp-ultrasonic-waves-velocity-in-liquid-iitb/exp-ultrasonic-waves-velocity-in-liquid-iitb/experiment/simulation/js/activity4.js
    3:5   warning  'cal_velocity' is assigned a value but never used  no-unused-vars
    4:10  warning  'activity4' is defined but never used              no-unused-vars
    5:5   warning  'pp' is not defined                                no-undef
    6:5   warning  'pp' is not defined                                no-undef
    7:5   warning  'pp' is not defined                                no-undef
   10:5   warning  'canvas1' is not defined                           no-undef
   10:46  warning  'left_btn_down' is not defined                     no-undef
   11:5   warning  'canvas1' is not defined                           no-undef
   11:46  warning  'right_btn_down' is not defined                    no-undef
   12:5   warning  'canvas1' is not defined                           no-undef
   12:44  warning  'left_btn_up' is not defined                       no-undef
   13:5   warning  'canvas1' is not defined                           no-undef
   13:44  warning  'right_btn_up' is not defined                      no-undef
   14:5   warning  'pp' is not defined                                no-undef
   26:16  warning  'table1' is not defined                            no-undef
   27:16  warning  'table1' is not defined                            no-undef
   33:29  warning  'Table' is not defined                             no-undef
   34:5   warning  'pp' is not defined                                no-undef
   41:77  warning  'val_1_line' is not defined                        no-undef
   45:71  warning  'least_count' is not defined                       no-undef
   48:5   warning  'pp' is not defined                                no-undef
   49:27  warning  'bootstrap' is not defined                         no-undef
   55:19  warning  'table1' is not defined                            no-undef
   60:25  warning  'waves' is not defined                             no-undef
   61:13  warning  'waves' is not defined                             no-undef
   61:31  warning  'selected_fluid' is not defined                    no-undef
   62:24  warning  'waves' is not defined                             no-undef
   67:10  warning  'verify_act4' is defined but never used            no-unused-vars
   70:17  warning  'table1' is not defined                            no-undef
   71:17  warning  'table1' is not defined                            no-undef
   72:17  warning  'table1' is not defined                            no-undef
   73:10  warning  'verify_values' is not defined                     no-undef
   73:48  warning  'table1' is not defined                            no-undef
   77:10  warning  'verify_values' is not defined                     no-undef
   77:48  warning  'table1' is not defined                            no-undef
   86:5   warning  'pp' is not defined                                no-undef
   87:5   warning  'pp' is not defined                                no-undef
   88:5   warning  'show_panel' is not defined                        no-undef
   90:10  warning  'act4_verify2' is defined but never used           no-unused-vars
   96:10  warning  'verify_values' is not defined                     no-undef
  100:10  warning  'verify_values' is not defined                     no-undef
  112:5   warning  'pp' is not defined                                no-undef
  113:5   warning  'pp' is not defined                                no-undef
  114:5   warning  'show_panel' is not defined                        no-undef
  116:10  warning  'load_table' is defined but never used             no-unused-vars
  117:5   warning  'pp' is not defined                                no-undef
  118:5   warning  'pp' is not defined                                no-undef
  119:5   warning  'pp' is not defined                                no-undef
  130:25  warning  'table1' is not defined                            no-undef
  133:29  warning  'table1' is not defined                            no-undef
  135:27  warning  'table1' is not defined                            no-undef
  138:23  warning  'table1' is not defined                            no-undef
  142:21  warning  'Table3' is not defined                            no-undef
  143:5   warning  'pp' is not defined                                no-undef
  165:5   warning  'pp' is not defined                                no-undef
  166:5   warning  'pp' is not defined                                no-undef

/home/runner/work/exp-ultrasonic-waves-velocity-in-liquid-iitb/exp-ultrasonic-waves-velocity-in-liquid-iitb/experiment/simulation/js/activity5.js
   1:10   warning  'activity5' is defined but never used         no-unused-vars
   2:5    warning  'pp' is not defined                           no-undef
   3:5    warning  'pp' is not defined                           no-undef
   4:5    warning  'pp' is not defined                           no-undef
   5:5    warning  'pp' is not defined                           no-undef
  10:69   warning  'selected_fluid' is not defined               no-undef
  10:116  warning  'cal_velocity' is not defined                 no-undef
  15:42   warning  'selected_fluid' is not defined               no-undef
  15:89   warning  'velocity' is not defined                     no-undef
  34:5    warning  'pp' is not defined                           no-undef
  36:10   warning  'compare_velocity' is defined but never used  no-unused-vars
  40:9    warning  'cal_velocity' is not defined                 no-undef
  40:24   warning  'velocity' is not defined                     no-undef

/home/runner/work/exp-ultrasonic-waves-velocity-in-liquid-iitb/exp-ultrasonic-waves-velocity-in-liquid-iitb/experiment/simulation/js/common.js
    1:10  warning  'verify_values' is defined but never used                no-unused-vars
   18:10  warning  'std_deviation' is defined but never used                no-unused-vars
   23:10  warning  'regression_linear' is defined but never used            no-unused-vars
   40:10  warning  'ascending_random_array' is defined but never used       no-unused-vars
   42:12  warning  Unexpected constant condition                            no-constant-condition
   61:10  warning  'regression_linear_2variable' is defined but never used  no-unused-vars
  115:10  warning  'show_panel' is defined but never used                   no-unused-vars
  117:31  warning  'bootstrap' is not defined                               no-undef

/home/runner/work/exp-ultrasonic-waves-velocity-in-liquid-iitb/exp-ultrasonic-waves-velocity-in-liquid-iitb/experiment/simulation/js/data.js
  1:5  warning  'waves' is assigned a value but never used  no-unused-vars

/home/runner/work/exp-ultrasonic-waves-velocity-in-liquid-iitb/exp-ultrasonic-waves-velocity-in-liquid-iitb/experiment/simulation/js/dummy.js
  2:14  warning  'Pannel' is not defined  no-undef

/home/runner/work/exp-ultrasonic-waves-velocity-in-liquid-iitb/exp-ultrasonic-waves-velocity-in-liquid-iitb/experiment/simulation/js/geomerty.js
   33:49   warning  'lscale' is not defined          no-undef
   34:49   warning  'lscale' is not defined          no-undef
   46:23   warning  'pt1' is defined but never used  no-unused-vars
   46:28   warning  'pt2' is defined but never used  no-unused-vars
   46:33   warning  'pt3' is defined but never used  no-unused-vars
   50:24   warning  'geo' is defined but never used  no-unused-vars
   69:44   warning  'lscale' is not defined          no-undef
   69:66   warning  'lscale' is not defined          no-undef
   69:88   warning  'lscale' is not defined          no-undef
   82:48   warning  'lscale' is not defined          no-undef
   83:48   warning  'lscale' is not defined          no-undef
  108:47   warning  'lscale' is not defined          no-undef
  108:69   warning  'lscale' is not defined          no-undef
  109:60   warning  'lscale' is not defined          no-undef
  109:95   warning  'lscale' is not defined          no-undef
  131:39   warning  'lscale' is not defined          no-undef
  131:57   warning  'lscale' is not defined          no-undef
  132:39   warning  'lscale' is not defined          no-undef
  132:57   warning  'lscale' is not defined          no-undef
  185:39   warning  'lscale' is not defined          no-undef
  185:57   warning  'lscale' is not defined          no-undef
  186:39   warning  'lscale' is not defined          no-undef
  186:57   warning  'lscale' is not defined          no-undef
  233:33   warning  'lscale' is not defined          no-undef
  234:33   warning  'lscale' is not defined          no-undef
  282:50   warning  'lscale' is not defined          no-undef
  282:72   warning  'lscale' is not defined          no-undef
  287:63   warning  'lscale' is not defined          no-undef
  287:88   warning  'lscale' is not defined          no-undef
  287:106  warning  'lscale' is not defined          no-undef
  287:124  warning  'lscale' is not defined          no-undef
  301:33   warning  'lscale' is not defined          no-undef
  302:33   warning  'lscale' is not defined          no-undef
  303:41   warning  'lscale' is not defined          no-undef
  303:66   warning  'lscale' is not defined          no-undef
  304:41   warning  'lscale' is not defined          no-undef
  304:66   warning  'lscale' is not defined          no-undef
  305:45   warning  'lscale' is not defined          no-undef
  305:70   warning  'lscale' is not defined          no-undef
  306:45   warning  'lscale' is not defined          no-undef
  306:70   warning  'lscale' is not defined          no-undef
  333:61   warning  'lscale' is not defined          no-undef
  333:90   warning  'lscale' is not defined          no-undef
  334:61   warning  'lscale' is not defined          no-undef
  334:96   warning  'lscale' is not defined          no-undef
  335:66   warning  'lscale' is not defined          no-undef
  335:101  warning  'lscale' is not defined          no-undef
  336:66   warning  'lscale' is not defined          no-undef
  336:100  warning  'lscale' is not defined          no-undef
  337:67   warning  'lscale' is not defined          no-undef
  337:101  warning  'lscale' is not defined          no-undef
  338:67   warning  'lscale' is not defined          no-undef
  338:96   warning  'lscale' is not defined          no-undef
  339:61   warning  'lscale' is not defined          no-undef
  339:90   warning  'lscale' is not defined          no-undef
  356:33   warning  'lscale' is not defined          no-undef
  357:33   warning  'lscale' is not defined          no-undef
  386:46   warning  'lscale' is not defined          no-undef
  392:50   warning  'lscale' is not defined          no-undef
  392:72   warning  'lscale' is not defined          no-undef
  422:52   warning  'lscale' is not defined          no-undef
  422:79   warning  'lscale' is not defined          no-undef
  424:56   warning  'lscale' is not defined          no-undef
  424:83   warning  'lscale' is not defined          no-undef
  461:50   warning  'lscale' is not defined          no-undef
  461:72   warning  'lscale' is not defined          no-undef
  467:63   warning  'lscale' is not defined          no-undef
  467:88   warning  'lscale' is not defined          no-undef
  467:106  warning  'lscale' is not defined          no-undef
  467:124  warning  'lscale' is not defined          no-undef
  481:33   warning  'lscale' is not defined          no-undef
  482:33   warning  'lscale' is not defined          no-undef
  483:41   warning  'lscale' is not defined          no-undef
  483:66   warning  'lscale' is not defined          no-undef
  484:41   warning  'lscale' is not defined          no-undef
  484:66   warning  'lscale' is not defined          no-undef
  485:45   warning  'lscale' is not defined          no-undef
  485:70   warning  'lscale' is not defined          no-undef
  486:45   warning  'lscale' is not defined          no-undef
  486:70   warning  'lscale' is not defined          no-undef
  515:50   warning  'lscale' is not defined          no-undef
  515:72   warning  'lscale' is not defined          no-undef
  520:139  warning  'lscale' is not defined          no-undef
  520:172  warning  'lscale' is not defined          no-undef
  520:205  warning  'lscale' is not defined          no-undef
  520:223  warning  'lscale' is not defined          no-undef
  541:50   warning  'lscale' is not defined          no-undef
  541:72   warning  'lscale' is not defined          no-undef
  546:139  warning  'lscale' is not defined          no-undef
  546:172  warning  'lscale' is not defined          no-undef
  546:205  warning  'lscale' is not defined          no-undef
  546:223  warning  'lscale' is not defined          no-undef
  568:50   warning  'lscale' is not defined          no-undef
  568:72   warning  'lscale' is not defined          no-undef
  573:133  warning  'lscale' is not defined          no-undef
  573:172  warning  'lscale' is not defined          no-undef
  573:205  warning  'lscale' is not defined          no-undef
  573:222  warning  'lscale' is not defined          no-undef
  596:39   warning  'lscale' is not defined          no-undef
  596:53   warning  'lscale' is not defined          no-undef
  597:39   warning  'lscale' is not defined          no-undef
  597:53   warning  'lscale' is not defined          no-undef
  598:39   warning  'lscale' is not defined          no-undef
  598:53   warning  'lscale' is not defined          no-undef
  599:39   warning  'lscale' is not defined          no-undef
  599:53   warning  'lscale' is not defined          no-undef
  606:36   warning  'lscale' is not defined          no-undef
  606:50   warning  'lscale' is not defined          no-undef
  606:63   warning  'lscale' is not defined          no-undef
  617:36   warning  'lscale' is not defined          no-undef
  617:50   warning  'lscale' is not defined          no-undef
  617:63   warning  'lscale' is not defined          no-undef
  644:46   warning  'lscale' is not defined          no-undef
  649:50   warning  'lscale' is not defined          no-undef
  649:72   warning  'lscale' is not defined          no-undef
  671:50   warning  'lscale' is not defined          no-undef
  671:72   warning  'lscale' is not defined          no-undef
  675:46   warning  'lscale' is not defined          no-undef
  676:46   warning  'lscale' is not defined          no-undef
  676:67   warning  'lscale' is not defined          no-undef
  677:49   warning  'lscale' is not defined          no-undef
  714:50   warning  'lscale' is not defined          no-undef
  714:72   warning  'lscale' is not defined          no-undef
  730:38   warning  'lscale' is not defined          no-undef
  730:51   warning  'lscale' is not defined          no-undef
  732:38   warning  'lscale' is not defined          no-undef
  734:38   warning  'lscale' is not defined          no-undef
  734:52   warning  'lscale' is not defined          no-undef

/home/runner/work/exp-ultrasonic-waves-velocity-in-liquid-iitb/exp-ultrasonic-waves-velocity-in-liquid-iitb/experiment/simulation/js/pannel.js
    8:7  warning  'Pannel' is defined but never used  no-unused-vars
  172:7  warning  'Table3' is defined but never used  no-unused-vars

/home/runner/work/exp-ultrasonic-waves-velocity-in-liquid-iitb/exp-ultrasonic-waves-velocity-in-liquid-iitb/experiment/simulation/js/scene.js
  11:9    warning  'context' is not defined                           no-undef
  11:33   warning  'canvas' is not defined                            no-undef
  11:47   warning  'canvas' is not defined                            no-undef
  26:7    warning  'Scene_Canvas' is defined but never used           no-unused-vars
  63:5    warning  'context' is not defined                           no-undef
  64:9    warning  'grd' is assigned a value but never used           no-unused-vars
  64:15   warning  'context' is not defined                           no-undef
  64:44   warning  'canvas' is not defined                            no-undef
  64:62   warning  'canvas' is not defined                            no-undef
  64:84   warning  'canvas' is not defined                            no-undef
  64:102  warning  'canvas' is not defined                            no-undef
  64:121  warning  'canvas' is not defined                            no-undef
  72:5    warning  'context' is not defined                           no-undef
  73:5    warning  'context' is not defined                           no-undef
  73:28   warning  'canvas' is not defined                            no-undef
  73:42   warning  'canvas' is not defined                            no-undef
  74:5    warning  'context' is not defined                           no-undef
  75:5    warning  'context' is not defined                           no-undef
  77:10   warning  'canvas_border_context' is defined but never used  no-unused-vars
  80:9    warning  'grd' is assigned a value but never used           no-unused-vars

✖ 458 problems (0 errors, 458 warnings)

